[2026-06-13T23:11:22.661Z] GET https://slippi.gg/ → 200 (314ms, 905B)
[2026-06-13T23:11:22.982Z] GET https://www.googletagmanager.com/gtag/js?id=UA-136305043-1 → 200 (362ms, 130989B)
[2026-06-13T23:11:22.982Z] GET https://unpkg.com/aos@next/dist/aos.css → 302 (209ms, 45B)
[2026-06-13T23:11:22.982Z] GET https://slippi.gg/static/js/main.a39cc53d.js → pending (?ms, ?B)
[2026-06-13T23:11:22.982Z] GET https://slippi.gg/static/css/main.96f2075f.css → 200 (202ms, 16509B)
[2026-06-13T23:11:23.192Z] GET https://unpkg.com/aos@3.0.0-beta.6/dist/aos.css → 200 (41ms, 2778B)
[2026-06-13T23:11:23.217Z] GET https://fonts.googleapis.com/css?family=Roboto:100,300,400,500,700,900|Maven+Pro:400,500,700,800|Rubik:300,400,500,700 → pending (?ms, ?B)
[2026-06-13T23:11:23.364Z] GET https://www.googletagmanager.com/gtag/js?id=G-NPBRD7S7KW&cx=c&gtm=4e66a1 → pending (?ms, ?B)
[2026-06-13T23:11:23.365Z] GET https://www.google-analytics.com/analytics.js → pending (?ms, ?B)
[2026-06-13T23:11:23.590Z] GET https://api.github.com/repos/project-slippi/slippi-launcher/releases → 200 (750ms, ?B)
[2026-06-13T23:11:23.591Z] GET https://api.github.com/repos/project-slippi/slippi-launcher/releases → 200 (749ms, ?B)
[2026-06-13T23:11:23.591Z] GET https://slippi.gg/static/media/HomeAnnouncementSection.14a547dd602af57abb3d.png → 200 (209ms, 373922B)
[2026-06-13T23:11:23.591Z] GET https://slippi.gg/static/media/GreenMotif.2c137d4a0c084b9c302630d104afbf52.svg → 200 (207ms, 6737B)
[2026-06-13T23:11:23.591Z] GET https://slippi.gg/static/media/WhiteMotif.32c31e6c666d2a4e8cb0c9646af4b270.svg → 200 (208ms, 5256B)
[2026-06-13T23:11:23.591Z] GET https://fonts.gstatic.com/s/rubik/v31/iJWKBXyIfDnIV7nBrXyw023e.woff2 → 200 (276ms, 35460B)
[2026-06-13T23:11:23.591Z] GET https://fonts.gstatic.com/s/mavenpro/v40/7Au9p_AqnyWWAxW2Wk3GzWQIElsO0w.woff2 → 200 (210ms, 20698B)
[2026-06-13T23:11:23.591Z] GET https://js.stripe.com/v3 → 200 (350ms, 239974B)
[2026-06-13T23:11:23.591Z] GET https://slippi.gg/static/media/SlippiggTextWhite.f0d88d46dd2af1f65910a88690502a09.svg → 200 (209ms, 2216B)
[2026-06-13T23:11:23.592Z] GET https://slippi.gg/static/media/SlippiLogo.54926e8ab7de3cabc854a38e5022d50f.svg → 200 (261ms, 2541B)
[2026-06-13T23:11:23.592Z] GET https://slippi.gg/static/media/WhiteCircleMarker.53e1a5ad9ebcbff65ca7caa29ff36624.svg → 200 (208ms, 269B)
[2026-06-13T23:11:23.592Z] GET https://slippi.gg/static/media/SlippiggTextGray.7e192e3725b9d1856a12bf1838f2ac11.svg → 200 (316ms, 2225B)
[2026-06-13T23:11:23.592Z] GET https://slippi.gg/static/media/DiscordLogoWhite.f09ba73b3cf0cd88398d2e1076edd42d.svg → 200 (208ms, 671B)
[2026-06-13T23:11:23.592Z] GET https://slippi.gg/static/media/TwitterLogoWhite.cf15981721167b5540a60bacb4868de2.svg → 200 (208ms, 583B)
[2026-06-13T23:11:23.592Z] GET https://slippi.gg/static/media/SlippiggHorizontal.c9a4953482e352219226eed991ed6213.svg → 200 (165ms, 4736B)
[2026-06-13T23:11:23.614Z] POST https://region1.google-analytics.com/g/collect?v=2&tid=G-NPBRD7S7KW&gtm=45je66a1v9114334048za20g&_p=1781392282983&gcd=13l3l3l2l1l1&npa=1&dma_cps=a&dma=1&_eu=EAAI&are=1&cid=1514921236.1781392284&frm=0&ir=1&pscdl=noapi&rcb=0&sr=1280x720&uaa=arm&uab=64&uafvl=Not%253AA-Brand%3B99.0.0.0%7CHeadlessChrome%3B145.0.7632.6%7CChromium%3B145.0.7632.6&uam=&uamb=0&uap=macOS&uapv=27.0.0&uaw=0&ul=en-us&_s=1&tag_exp=115938465~115938468~118395334~119456239~119456247&sid=1781392283&sct=1&seg=0&dl=https%3A%2F%2Fslippi.gg%2F&dt=Slippi&en=page_view&_fv=1&_nsi=1&_ss=1&tfd=953 → 204 (227ms, ?B)
[2026-06-13T23:11:23.957Z] GET https://js.stripe.com/v3/controller-with-preconnect-557d428dc3cfb5119fa8e8db30661a6c.html → 200 (68ms, 1684B)
[2026-06-13T23:11:24.060Z] GET https://js.stripe.com/v3/fingerprinted/js/shared-caf699e09dfe1f4895f88e7aeb03b474.js → 200 (159ms, 217385B)
[2026-06-13T23:11:24.060Z] GET https://js.stripe.com/v3/fingerprinted/js/controller-with-preconnect-9c31de8ad76509a9dd1704cf139605bc.js → 200 (193ms, 350152B)
[2026-06-13T23:11:24.327Z] GET https://js.stripe.com/v3/.deploy_status_henson.json → pending (?ms, ?B)
[2026-06-13T23:11:24.327Z] GET https://js.stripe.com/v3/.deploy_status_henson.json → pending (?ms, ?B)
[2026-06-13T23:11:24.327Z] GET https://js.stripe.com/v3/fingerprinted/js/stripe-cookies-99315d136700f132b072c563090f72a7.js → 200 (44ms, 15100B)
[2026-06-13T23:11:24.327Z] GET https://js.stripe.com/v3/.deploy_status_henson.json → pending (?ms, ?B)
[2026-06-13T23:11:24.328Z] GET https://js.stripe.com/v3/fingerprinted/js/consumerSchema-b415a44787df0507a440b401f8131955.js → 200 (58ms, 5122B)
[2026-06-13T23:11:24.425Z] POST https://r.stripe.com/b → 200 (823ms, 212B)
[2026-06-13T23:11:24.954Z] GET https://js.stripe.com/v3/m-outer-3437aaddcdf6922d623e172c2d6f9278.html → 200 (63ms, 1071B)
[2026-06-13T23:11:25.022Z] GET https://js.stripe.com/v3/fingerprinted/js/m-outer-15a2b40a058ddff1cffdb63779fe3de1.js → 200 (86ms, 894B)
[2026-06-13T23:11:25.109Z] GET https://m.stripe.network/inner.html → pending (?ms, ?B)
[2026-06-13T23:11:25.421Z] POST https://r.stripe.com/b → 200 (240ms, 211B)
[2026-06-13T23:11:25.421Z] POST https://r.stripe.com/b → 200 (219ms, 211B)
[2026-06-13T23:11:25.424Z] POST https://r.stripe.com/b → 200 (216ms, 211B)
[2026-06-13T23:11:25.430Z] GET https://m.stripe.network/out-4.5.45.js → 200 (53ms, 17271B)
[2026-06-13T23:11:25.560Z] POST https://m.stripe.com/6 → 200 (813ms, 580B)
[2026-06-13T23:11:27.376Z] POST https://r.stripe.com/b → pending (?ms, ?B)
[2026-06-13T23:11:29.389Z] GET https://js.stripe.com/v3/fingerprinted/js/trusted-types-checker-a86dcafd042e60cf7585cbabd57b0cdb.js → pending (?ms, ?B)
[2026-06-13T23:11:31.841Z] GET https://slippi.gg/netplay → 200 (204ms, 844B)
[2026-06-13T23:11:31.841Z] POST https://r.stripe.com/b → pending (?ms, ?B)
[2026-06-13T23:11:32.054Z] POST https://region1.google-analytics.com/g/collect?v=2&tid=G-NPBRD7S7KW&gtm=45je66a1v9114334048za20g&_p=1781392282983&gcd=13l3l3l2l1l1&npa=1&dma_cps=a&dma=1&_eu=EAAIAAQ&are=1&cid=1514921236.1781392284&frm=0&ir=1&pscdl=noapi&rcb=0&sr=1280x720&uaa=arm&uab=64&uafvl=Not%253AA-Brand%3B99.0.0.0%7CHeadlessChrome%3B145.0.7632.6%7CChromium%3B145.0.7632.6&uam=&uamb=0&uap=macOS&uapv=27.0.0&uaw=0&ul=en-us&_s=2&tag_exp=115938465~115938468~118395334~119456239~119456247&sid=1781392283&sct=1&seg=0&dl=https%3A%2F%2Fslippi.gg%2F&dt=Slippi&en=user_engagement&_et=8435&tfd=9389 → pending (?ms, ?B)
[2026-06-13T23:11:32.071Z] GET https://www.googletagmanager.com/gtag/js?id=UA-136305043-1 → 200 (?ms, -632B)
[2026-06-13T23:11:32.071Z] GET https://unpkg.com/aos@next/dist/aos.css → 200 (1ms, -802B)
[2026-06-13T23:11:32.072Z] GET https://slippi.gg/static/js/main.a39cc53d.js → 200 (?ms, -286B)
[2026-06-13T23:11:32.072Z] GET https://slippi.gg/static/css/main.96f2075f.css → 200 (?ms, -307B)
[2026-06-13T23:11:32.081Z] GET https://fonts.googleapis.com/css?family=Roboto:100,300,400,500,700,900|Maven+Pro:400,500,700,800|Rubik:300,400,500,700 → 200 (?ms, -743B)
[2026-06-13T23:11:32.081Z] GET https://fonts.gstatic.com/s/mavenpro/v40/7Au9p_AqnyWWAxW2Wk3GzWQIElsO0w.woff2 → 200 (?ms, -815B)
[2026-06-13T23:11:32.081Z] GET https://fonts.gstatic.com/s/rubik/v31/iJWKBXyIfDnIV7nBrXyw023e.woff2 → 200 (?ms, -815B)
[2026-06-13T23:11:32.105Z] GET https://slippi.gg/static/media/SlippiggHorizontal.c9a4953482e352219226eed991ed6213.svg → 200 (?ms, -311B)
[2026-06-13T23:11:32.106Z] GET https://api.github.com/repos/project-slippi/slippi-launcher/releases → 200 (4ms, -1341B)
[2026-06-13T23:11:32.106Z] GET https://js.stripe.com/v3 → 200 (?ms, -680B)
[2026-06-13T23:11:32.125Z] GET https://www.googletagmanager.com/gtag/js?id=G-NPBRD7S7KW&cx=c&gtm=4e66a1 → 200 (?ms, -586B)
[2026-06-13T23:11:32.125Z] GET https://www.google-analytics.com/analytics.js → 200 (?ms, -913B)
[2026-06-13T23:11:32.136Z] GET https://js.stripe.com/v3/controller-with-preconnect-557d428dc3cfb5119fa8e8db30661a6c.html → 200 (1ms, -1198B)
[2026-06-13T23:11:32.141Z] GET https://js.stripe.com/v3/fingerprinted/js/shared-caf699e09dfe1f4895f88e7aeb03b474.js → 200 (1ms, -689B)
[2026-06-13T23:11:32.142Z] GET https://js.stripe.com/v3/fingerprinted/js/controller-with-preconnect-9c31de8ad76509a9dd1704cf139605bc.js → 200 (?ms, -689B)
[2026-06-13T23:11:32.161Z] GET https://js.stripe.com/v3/.deploy_status_henson.json → 200 (2ms, -553B)
[2026-06-13T23:11:32.161Z] GET https://js.stripe.com/v3/.deploy_status_henson.json → 200 (2ms, -553B)
[2026-06-13T23:11:32.161Z] GET https://js.stripe.com/v3/fingerprinted/js/stripe-cookies-99315d136700f132b072c563090f72a7.js → 200 (?ms, -688B)
[2026-06-13T23:11:32.162Z] GET https://js.stripe.com/v3/.deploy_status_henson.json → 200 (?ms, -553B)
[2026-06-13T23:11:32.167Z] POST https://r.stripe.com/b → pending (?ms, ?B)
[2026-06-13T23:11:32.168Z] GET https://js.stripe.com/v3/fingerprinted/js/consumerSchema-b415a44787df0507a440b401f8131955.js → 200 (?ms, -689B)
[2026-06-13T23:11:33.083Z] GET https://slippi.gg/leaderboards → 200 (171ms, 838B)
[2026-06-13T23:11:33.083Z] POST https://r.stripe.com/b → pending (?ms, ?B)
[2026-06-13T23:11:33.084Z] POST https://r.stripe.com/b → pending (?ms, ?B)
[2026-06-13T23:11:33.084Z] POST https://r.stripe.com/b → pending (?ms, ?B)
[2026-06-13T23:11:33.132Z] GET https://js.stripe.com/v3/m-outer-3437aaddcdf6922d623e172c2d6f9278.html → 200 (?ms, -1351B)
[2026-06-13T23:11:33.135Z] GET https://js.stripe.com/v3/fingerprinted/js/m-outer-15a2b40a058ddff1cffdb63779fe3de1.js → 200 (?ms, -706B)
[2026-06-13T23:11:33.136Z] GET https://m.stripe.network/inner.html → 200 (1ms, -1199B)
[2026-06-13T23:11:33.140Z] GET https://m.stripe.network/out-4.5.45.js → 200 (?ms, -643B)
[2026-06-13T23:11:33.143Z] POST https://m.stripe.com/6 → pending (?ms, ?B)
[2026-06-13T23:11:33.258Z] POST https://region1.google-analytics.com/g/collect?v=2&tid=G-NPBRD7S7KW&gtm=45je66a1v9114334048za20g&_p=1781392292071&gcd=13l3l3l2l1l1&npa=1&dma_cps=a&dma=1&_eu=EAAIAAQ&are=1&cid=1514921236.1781392284&frm=0&ir=1&pscdl=noapi&rcb=16&sr=1280x720&uaa=arm&uab=64&uafvl=Not%253AA-Brand%3B99.0.0.0%7CHeadlessChrome%3B145.0.7632.6%7CChromium%3B145.0.7632.6&uam=&uamb=0&uap=macOS&uapv=27.0.0&uaw=0&ul=en-us&tag_exp=115616986~115938465~115938468~119456239~119456247&sid=1781392283&sct=1&seg=1&dl=https%3A%2F%2Fslippi.gg%2Fnetplay&dt=Slippi&_s=1&tfd=1416 → pending (?ms, ?B)
[2026-06-13T23:11:33.259Z] GET https://www.googletagmanager.com/gtag/js?id=UA-136305043-1 → 200 (?ms, -632B)
[2026-06-13T23:11:33.259Z] GET https://unpkg.com/aos@next/dist/aos.css → 200 (?ms, -802B)
[2026-06-13T23:11:33.260Z] GET https://slippi.gg/static/js/main.a39cc53d.js → 200 (?ms, -286B)
[2026-06-13T23:11:33.260Z] GET https://slippi.gg/static/css/main.96f2075f.css → 200 (?ms, -307B)
[2026-06-13T23:11:33.260Z] GET https://fonts.googleapis.com/css?family=Roboto:100,300,400,500,700,900|Maven+Pro:400,500,700,800|Rubik:300,400,500,700 → 200 (?ms, -743B)
[2026-06-13T23:11:33.268Z] GET https://fonts.gstatic.com/s/mavenpro/v40/7Au9p_AqnyWWAxW2Wk3GzWQIElsO0w.woff2 → 200 (?ms, -815B)
[2026-06-13T23:11:33.268Z] GET https://fonts.gstatic.com/s/rubik/v31/iJWKBXyIfDnIV7nBrXyw023e.woff2 → 200 (?ms, -815B)
[2026-06-13T23:11:33.283Z] GET https://slippi.gg/static/media/SlippiggHorizontal.c9a4953482e352219226eed991ed6213.svg → 200 (?ms, -311B)
[2026-06-13T23:11:33.284Z] GET https://js.stripe.com/v3 → 200 (?ms, -680B)
[2026-06-13T23:11:33.291Z] GET https://www.googletagmanager.com/gtag/js?id=G-NPBRD7S7KW&cx=c&gtm=4e66a1 → 200 (?ms, -586B)
[2026-06-13T23:11:33.292Z] GET https://www.google-analytics.com/analytics.js → 200 (?ms, -913B)
[2026-06-13T23:11:33.296Z] GET https://js.stripe.com/v3/controller-with-preconnect-557d428dc3cfb5119fa8e8db30661a6c.html → 200 (1ms, -1198B)
[2026-06-13T23:11:33.300Z] GET https://js.stripe.com/v3/fingerprinted/js/shared-caf699e09dfe1f4895f88e7aeb03b474.js → 200 (?ms, -689B)
[2026-06-13T23:11:33.300Z] GET https://js.stripe.com/v3/fingerprinted/js/controller-with-preconnect-9c31de8ad76509a9dd1704cf139605bc.js → 200 (?ms, -689B)
[2026-06-13T23:11:33.309Z] GET https://js.stripe.com/v3/.deploy_status_henson.json → 200 (1ms, -553B)
[2026-06-13T23:11:33.309Z] GET https://js.stripe.com/v3/.deploy_status_henson.json → 200 (1ms, -553B)
[2026-06-13T23:11:33.309Z] GET https://js.stripe.com/v3/fingerprinted/js/stripe-cookies-99315d136700f132b072c563090f72a7.js → 200 (?ms, -688B)
[2026-06-13T23:11:33.309Z] GET https://js.stripe.com/v3/.deploy_status_henson.json → 200 (?ms, -553B)
[2026-06-13T23:11:33.312Z] POST https://r.stripe.com/b → pending (?ms, ?B)
[2026-06-13T23:11:33.312Z] GET https://js.stripe.com/v3/fingerprinted/js/consumerSchema-b415a44787df0507a440b401f8131955.js → 200 (?ms, -689B)
[2026-06-13T23:11:34.297Z] GET https://js.stripe.com/v3/m-outer-3437aaddcdf6922d623e172c2d6f9278.html → 200 (?ms, -1351B)
[2026-06-13T23:11:34.302Z] GET https://js.stripe.com/v3/fingerprinted/js/m-outer-15a2b40a058ddff1cffdb63779fe3de1.js → 200 (?ms, -706B)
[2026-06-13T23:11:34.303Z] GET https://m.stripe.network/inner.html → 200 (1ms, -1199B)
[2026-06-13T23:11:34.306Z] GET https://m.stripe.network/out-4.5.45.js → 200 (?ms, -643B)
[2026-06-13T23:11:34.310Z] POST https://m.stripe.com/6 → pending (?ms, ?B)
[2026-06-13T23:11:34.312Z] POST https://r.stripe.com/b → pending (?ms, ?B)
[2026-06-13T23:11:34.312Z] POST https://r.stripe.com/b → pending (?ms, ?B)
[2026-06-13T23:11:34.312Z] POST https://r.stripe.com/b → pending (?ms, ?B)
[2026-06-13T23:11:34.695Z] GET https://slippi.gg/images/characters/stock-icon-20-0.png → 200 (194ms, 11051B)
[2026-06-13T23:11:34.696Z] GET https://slippi.gg/images/characters/stock-icon-15-0.png → 200 (223ms, 11544B)
[2026-06-13T23:11:34.696Z] GET https://slippi.gg/images/characters/stock-icon-16-0.png → 200 (183ms, 10571B)
[2026-06-13T23:11:34.696Z] GET https://slippi.gg/images/characters/stock-icon-12-0.png → 200 (171ms, 12313B)
[2026-06-13T23:11:34.696Z] GET https://slippi.gg/images/characters/stock-icon-13-0.png → 200 (157ms, 9312B)
[2026-06-13T23:11:34.696Z] GET https://slippi.gg/images/characters/stock-icon-7-0.png → 200 (160ms, 10312B)
[2026-06-13T23:11:34.696Z] GET https://slippi.gg/images/characters/stock-icon-1-0.png → 200 (173ms, 10309B)
[2026-06-13T23:11:34.696Z] GET https://slippi.gg/images/characters/stock-icon-0-0.png → 200 (200ms, 10847B)
[2026-06-13T23:11:34.696Z] GET https://slippi.gg/images/characters/stock-icon-19-0.png → 200 (179ms, 11684B)
[2026-06-13T23:11:34.696Z] GET https://slippi.gg/images/characters/stock-icon-2-0.png → 200 (186ms, 11312B)
[2026-06-13T23:11:34.696Z] GET https://slippi.gg/images/characters/stock-icon-9-0.png → 200 (260ms, 11496B)
[2026-06-13T23:11:34.696Z] GET https://slippi.gg/images/characters/stock-icon-14-0.png → 200 (208ms, 11829B)
[2026-06-13T23:11:34.696Z] GET https://slippi.gg/images/characters/stock-icon-17-0.png → 200 (173ms, 10594B)
[2026-06-13T23:11:34.696Z] GET https://slippi.gg/images/characters/stock-icon-8-0.png → 200 (197ms, 10767B)
[2026-06-13T23:11:34.696Z] GET https://slippi.gg/images/characters/stock-icon-22-0.png → 200 (202ms, 10982B)
[2026-06-13T23:11:35.533Z] POST https://r.stripe.com/b → 200 (262ms, 211B)
[2026-06-13T23:11:38.307Z] POST https://region1.google-analytics.com/g/collect?v=2&tid=G-NPBRD7S7KW&gtm=45je66a1v9114334048za20g&_p=1781392293259&gcd=13l3l3l2l1l1&npa=1&dma_cps=a&dma=1&_eu=EAAIAAQ&are=1&cid=1514921236.1781392284&frm=0&ir=1&pscdl=noapi&rcb=7&sr=1280x720&uaa=arm&uab=64&uafvl=Not%253AA-Brand%3B99.0.0.0%7CHeadlessChrome%3B145.0.7632.6%7CChromium%3B145.0.7632.6&uam=&uamb=0&uap=macOS&uapv=27.0.0&uaw=0&ul=en-us&_s=1&tag_exp=115616986~115938465~115938468~119456239~119456247&sid=1781392283&sct=1&seg=1&dl=https%3A%2F%2Fslippi.gg%2Fleaderboards&dt=Slippi&en=page_view&tfd=5223 → pending (?ms, ?B)
[2026-06-13T23:11:38.311Z] GET https://js.stripe.com/v3/fingerprinted/js/trusted-types-checker-a86dcafd042e60cf7585cbabd57b0cdb.js → 200 (?ms, -705B)
[2026-06-13T23:11:40.533Z] POST https://r.stripe.com/b → 200 (265ms, 211B)
[2026-06-13T23:11:42.724Z] GET https://slippi.gg/user/ging-345 → 200 (173ms, 835B)
[2026-06-13T23:11:42.901Z] POST https://region1.google-analytics.com/g/collect?v=2&tid=G-NPBRD7S7KW&gtm=45je66a1v9114334048za20g&_p=1781392293259&gcd=13l3l3l2l1l1&npa=1&dma_cps=a&dma=1&_eu=EAAIAAQ&are=1&cid=1514921236.1781392284&frm=0&ir=1&pscdl=noapi&rcb=7&sr=1280x720&uaa=arm&uab=64&uafvl=Not%253AA-Brand%3B99.0.0.0%7CHeadlessChrome%3B145.0.7632.6%7CChromium%3B145.0.7632.6&uam=&uamb=0&uap=macOS&uapv=27.0.0&uaw=0&ul=en-us&_s=2&tag_exp=115616986~115938465~115938468~119456239~119456247&sid=1781392283&sct=1&seg=1&dl=https%3A%2F%2Fslippi.gg%2Fleaderboards&dt=Slippi&en=user_engagement&_et=9592&tfd=9816 → pending (?ms, ?B)
[2026-06-13T23:11:42.930Z] GET https://www.googletagmanager.com/gtag/js?id=UA-136305043-1 → 200 (?ms, -632B)
[2026-06-13T23:11:42.930Z] GET https://unpkg.com/aos@next/dist/aos.css → 200 (?ms, -802B)
[2026-06-13T23:11:42.930Z] GET https://slippi.gg/static/js/main.a39cc53d.js → 200 (?ms, -286B)
[2026-06-13T23:11:42.930Z] GET https://slippi.gg/static/css/main.96f2075f.css → 200 (?ms, -307B)
[2026-06-13T23:11:42.939Z] GET https://fonts.googleapis.com/css?family=Roboto:100,300,400,500,700,900|Maven+Pro:400,500,700,800|Rubik:300,400,500,700 → 200 (?ms, -743B)
[2026-06-13T23:11:42.939Z] GET https://fonts.gstatic.com/s/mavenpro/v40/7Au9p_AqnyWWAxW2Wk3GzWQIElsO0w.woff2 → 200 (?ms, -815B)
[2026-06-13T23:11:42.939Z] GET https://fonts.gstatic.com/s/rubik/v31/iJWKBXyIfDnIV7nBrXyw023e.woff2 → 200 (?ms, -815B)
[2026-06-13T23:11:42.952Z] GET https://slippi.gg/static/media/SlippiggHorizontal.c9a4953482e352219226eed991ed6213.svg → 200 (?ms, -311B)
[2026-06-13T23:11:42.952Z] GET https://js.stripe.com/v3 → 200 (?ms, -680B)
[2026-06-13T23:11:42.959Z] POST https://internal.slippi.gg/graphql → pending (?ms, ?B)
[2026-06-13T23:11:42.963Z] GET https://www.googletagmanager.com/gtag/js?id=G-NPBRD7S7KW&cx=c&gtm=4e66a1 → 200 (?ms, -586B)
[2026-06-13T23:11:42.963Z] GET https://www.google-analytics.com/analytics.js → 200 (?ms, -913B)
[2026-06-13T23:11:42.968Z] GET https://js.stripe.com/v3/controller-with-preconnect-557d428dc3cfb5119fa8e8db30661a6c.html → 200 (1ms, -1198B)
[2026-06-13T23:11:42.972Z] GET https://js.stripe.com/v3/fingerprinted/js/shared-caf699e09dfe1f4895f88e7aeb03b474.js → 200 (?ms, -689B)
[2026-06-13T23:11:42.973Z] GET https://js.stripe.com/v3/fingerprinted/js/controller-with-preconnect-9c31de8ad76509a9dd1704cf139605bc.js → 200 (2ms, -689B)
[2026-06-13T23:11:42.982Z] GET https://js.stripe.com/v3/.deploy_status_henson.json → 200 (1ms, -553B)
[2026-06-13T23:11:42.982Z] GET https://js.stripe.com/v3/.deploy_status_henson.json → 200 (1ms, -553B)
[2026-06-13T23:11:42.982Z] GET https://js.stripe.com/v3/fingerprinted/js/stripe-cookies-99315d136700f132b072c563090f72a7.js → 200 (?ms, -688B)
[2026-06-13T23:11:42.982Z] GET https://js.stripe.com/v3/.deploy_status_henson.json → 200 (?ms, -553B)
[2026-06-13T23:11:42.985Z] POST https://r.stripe.com/b → 200 (225ms, 211B)
[2026-06-13T23:11:42.988Z] GET https://js.stripe.com/v3/fingerprinted/js/consumerSchema-b415a44787df0507a440b401f8131955.js → 200 (?ms, -689B)
[2026-06-13T23:11:43.631Z] GET https://slippi.gg/images/characters/stock-icon-20-0.png → 200 (2ms, -253B)
[2026-06-13T23:11:43.633Z] GET https://slippi.gg/static/media/WhiteMotifLarge.d62a8398996d5e324a8a8c3cecf5e14d.svg → 200 (173ms, 7527B)
[2026-06-13T23:11:43.633Z] GET https://slippi.gg/static/media/rank_Grand_Master.0f3bc5674e8ec76f17514f197242c4fa.svg → 200 (204ms, 2333B)
[2026-06-13T23:11:43.641Z] GET https://slippi.gg/static/media/RoundedHexagon.c6a0cd1f606213fe56ac5b2bfe626036.svg → 200 (175ms, 409B)
[2026-06-13T23:11:43.968Z] GET https://js.stripe.com/v3/m-outer-3437aaddcdf6922d623e172c2d6f9278.html → 200 (1ms, -1351B)
[2026-06-13T23:11:43.973Z] GET https://js.stripe.com/v3/fingerprinted/js/m-outer-15a2b40a058ddff1cffdb63779fe3de1.js → 200 (?ms, -706B)
[2026-06-13T23:11:43.974Z] GET https://m.stripe.network/inner.html → 200 (?ms, -1199B)
[2026-06-13T23:11:43.977Z] GET https://m.stripe.network/out-4.5.45.js → 200 (?ms, -643B)
[2026-06-13T23:11:43.981Z] POST https://m.stripe.com/6 → 200 (216ms, 579B)
[2026-06-13T23:11:43.986Z] POST https://r.stripe.com/b → 200 (260ms, 211B)
[2026-06-13T23:11:43.987Z] POST https://r.stripe.com/b → 200 (236ms, 211B)
[2026-06-13T23:11:43.987Z] POST https://r.stripe.com/b → 200 (236ms, 211B)
[2026-06-13T23:11:45.200Z] POST https://r.stripe.com/b → pending (?ms, ?B)
[2026-06-13T23:11:47.975Z] POST https://region1.google-analytics.com/g/collect?v=2&tid=G-NPBRD7S7KW&gtm=45je66a1v9114334048za20g&_p=1781392302930&gcd=13l3l3l2l1l1&npa=1&dma_cps=a&dma=1&_eu=EAAIAAQ&are=1&cid=1514921236.1781392284&frm=0&ir=1&pscdl=noapi&rcb=7&sr=1280x720&uaa=arm&uab=64&uafvl=Not%253AA-Brand%3B99.0.0.0%7CHeadlessChrome%3B145.0.7632.6%7CChromium%3B145.0.7632.6&uam=&uamb=0&uap=macOS&uapv=27.0.0&uaw=0&ul=en-us&_s=1&tag_exp=115938465~115938469~119456239~119456247&sid=1781392283&sct=1&seg=1&dl=https%3A%2F%2Fslippi.gg%2Fuser%2Fging-345&dt=Slippi&en=page_view&tfd=5250 → 204 (60ms, ?B)
[2026-06-13T23:11:47.984Z] GET https://js.stripe.com/v3/fingerprinted/js/trusted-types-checker-a86dcafd042e60cf7585cbabd57b0cdb.js → 200 (?ms, -705B)
[2026-06-13T23:11:50.202Z] POST https://r.stripe.com/b → pending (?ms, ?B)
[2026-06-13T23:11:56.644Z] GET https://slippi.gg/user/fizzi-36 → 200 (177ms, 843B)
[2026-06-13T23:11:56.825Z] POST https://region1.google-analytics.com/g/collect?v=2&tid=G-NPBRD7S7KW&gtm=45je66a1v9114334048za20g&_p=1781392302930&gcd=13l3l3l2l1l1&npa=1&dma_cps=a&dma=1&_eu=EAAIAAQ&are=1&cid=1514921236.1781392284&frm=0&ir=1&pscdl=noapi&rcb=7&sr=1280x720&uaa=arm&uab=64&uafvl=Not%253AA-Brand%3B99.0.0.0%7CHeadlessChrome%3B145.0.7632.6%7CChromium%3B145.0.7632.6&uam=&uamb=0&uap=macOS&uapv=27.0.0&uaw=0&ul=en-us&_s=2&tag_exp=115938465~115938469~119456239~119456247&sid=1781392283&sct=1&seg=1&dl=https%3A%2F%2Fslippi.gg%2Fuser%2Fging-345&dt=Slippi&en=user_engagement&_et=13848&tfd=14100 → pending (?ms, ?B)
[2026-06-13T23:11:56.841Z] GET https://www.googletagmanager.com/gtag/js?id=UA-136305043-1 → 200 (?ms, -632B)
[2026-06-13T23:11:56.841Z] GET https://unpkg.com/aos@next/dist/aos.css → 200 (?ms, -802B)
[2026-06-13T23:11:56.842Z] GET https://slippi.gg/static/js/main.a39cc53d.js → 200 (?ms, -286B)
[2026-06-13T23:11:56.842Z] GET https://slippi.gg/static/css/main.96f2075f.css → 200 (?ms, -307B)
[2026-06-13T23:11:56.851Z] GET https://fonts.googleapis.com/css?family=Roboto:100,300,400,500,700,900|Maven+Pro:400,500,700,800|Rubik:300,400,500,700 → 200 (?ms, -743B)
[2026-06-13T23:11:56.851Z] GET https://fonts.gstatic.com/s/mavenpro/v40/7Au9p_AqnyWWAxW2Wk3GzWQIElsO0w.woff2 → 200 (?ms, -815B)
[2026-06-13T23:11:56.852Z] GET https://fonts.gstatic.com/s/rubik/v31/iJWKBXyIfDnIV7nBrXyw023e.woff2 → 200 (?ms, -815B)
[2026-06-13T23:11:56.866Z] GET https://slippi.gg/static/media/SlippiggHorizontal.c9a4953482e352219226eed991ed6213.svg → 200 (?ms, -311B)
[2026-06-13T23:11:56.867Z] GET https://js.stripe.com/v3 → 200 (?ms, -680B)
[2026-06-13T23:11:56.872Z] POST https://internal.slippi.gg/graphql → 200 (487ms, 1766B)
[2026-06-13T23:11:56.878Z] GET https://www.googletagmanager.com/gtag/js?id=G-NPBRD7S7KW&cx=c&gtm=4e66a1 → 200 (?ms, -586B)
[2026-06-13T23:11:56.878Z] GET https://www.google-analytics.com/analytics.js → 200 (?ms, -913B)
[2026-06-13T23:11:56.883Z] GET https://js.stripe.com/v3/controller-with-preconnect-557d428dc3cfb5119fa8e8db30661a6c.html → 200 (1ms, -1198B)
[2026-06-13T23:11:56.886Z] GET https://js.stripe.com/v3/fingerprinted/js/shared-caf699e09dfe1f4895f88e7aeb03b474.js → 200 (?ms, -689B)
[2026-06-13T23:11:56.886Z] GET https://js.stripe.com/v3/fingerprinted/js/controller-with-preconnect-9c31de8ad76509a9dd1704cf139605bc.js → 200 (1ms, -689B)
[2026-06-13T23:11:56.900Z] GET https://js.stripe.com/v3/.deploy_status_henson.json → 200 (1ms, -553B)
[2026-06-13T23:11:56.900Z] GET https://js.stripe.com/v3/.deploy_status_henson.json → 200 (1ms, -553B)
[2026-06-13T23:11:56.900Z] GET https://js.stripe.com/v3/fingerprinted/js/stripe-cookies-99315d136700f132b072c563090f72a7.js → 200 (?ms, -688B)
[2026-06-13T23:11:56.900Z] GET https://js.stripe.com/v3/.deploy_status_henson.json → 200 (?ms, -553B)
[2026-06-13T23:11:56.906Z] POST https://r.stripe.com/b → 200 (252ms, 211B)
[2026-06-13T23:11:56.906Z] GET https://js.stripe.com/v3/fingerprinted/js/consumerSchema-b415a44787df0507a440b401f8131955.js → 200 (?ms, -689B)
[2026-06-13T23:11:57.396Z] GET https://slippi.gg/static/media/WhiteMotifLarge.d62a8398996d5e324a8a8c3cecf5e14d.svg → 200 (?ms, -285B)
[2026-06-13T23:11:57.396Z] GET https://slippi.gg/static/media/rank_Unranked1.ac2623299b250689293cd4a5e68fcc5b.svg → pending (?ms, ?B)
[2026-06-13T23:11:57.396Z] GET https://slippi.gg/static/media/rank_Gold_II.951fc625063425ed048c864988e8d7b7.svg → pending (?ms, ?B)
[2026-06-13T23:11:57.396Z] GET https://slippi.gg/images/characters/stock-icon-0-0.png → 200 (4ms, -253B)
[2026-06-13T23:11:57.884Z] GET https://js.stripe.com/v3/m-outer-3437aaddcdf6922d623e172c2d6f9278.html → 200 (1ms, -1351B)
[2026-06-13T23:11:57.887Z] GET https://js.stripe.com/v3/fingerprinted/js/m-outer-15a2b40a058ddff1cffdb63779fe3de1.js → 200 (1ms, -706B)
[2026-06-13T23:11:57.889Z] GET https://m.stripe.network/inner.html → 200 (?ms, -1199B)
[2026-06-13T23:11:57.892Z] GET https://m.stripe.network/out-4.5.45.js → 304 (57ms, 427B)
[2026-06-13T23:11:57.904Z] POST https://r.stripe.com/b → 200 (225ms, 211B)
[2026-06-13T23:11:57.904Z] POST https://r.stripe.com/b → 200 (222ms, 211B)
[2026-06-13T23:11:57.906Z] POST https://r.stripe.com/b → 200 (220ms, 211B)
[2026-06-13T23:11:57.953Z] POST https://m.stripe.com/6 → 200 (225ms, 579B)
[2026-06-13T23:11:59.181Z] POST https://r.stripe.com/b → pending (?ms, ?B)
[2026-06-13T23:12:01.894Z] POST https://region1.google-analytics.com/g/collect?v=2&tid=G-NPBRD7S7KW&gtm=45je66a1v9114334048za20g&_p=1781392316840&gcd=13l3l3l2l1l1&npa=1&dma_cps=a&dma=1&_eu=EAAIAAQ&are=1&cid=1514921236.1781392284&frm=0&ir=1&pscdl=noapi&rcb=0&sr=1280x720&uaa=arm&uab=64&uafvl=Not%253AA-Brand%3B99.0.0.0%7CHeadlessChrome%3B145.0.7632.6%7CChromium%3B145.0.7632.6&uam=&uamb=0&uap=macOS&uapv=27.0.0&uaw=0&ul=en-us&_s=1&tag_exp=115616986~115938466~115938469~119456239~119456247&sid=1781392283&sct=1&seg=1&dl=https%3A%2F%2Fslippi.gg%2Fuser%2Ffizzi-36&dt=Slippi&en=page_view&tfd=5250 → 204 (89ms, ?B)
[2026-06-13T23:12:01.903Z] GET https://js.stripe.com/v3/fingerprinted/js/trusted-types-checker-a86dcafd042e60cf7585cbabd57b0cdb.js → 200 (?ms, -705B)
[2026-06-13T23:12:04.182Z] POST https://r.stripe.com/b → pending (?ms, ?B)
[2026-06-13T23:12:10.089Z] GET https://github.com/project-slippi/slippi-wiki → pending (?ms, ?B)
[2026-06-13T23:12:10.917Z] GET https://github.githubassets.com/assets/light-4fded0090af0ad58.css → 200 (124ms, 7002B)
[2026-06-13T23:12:10.917Z] GET https://github.githubassets.com/assets/light_high_contrast-cf8e26bc17e62ebc.css → 200 (160ms, 6798B)
[2026-06-13T23:12:10.917Z] GET https://github.githubassets.com/assets/dark-06381ff23d863842.css → 200 (127ms, 6694B)
[2026-06-13T23:12:10.917Z] GET https://github.githubassets.com/assets/dark_high_contrast-9023e6605402defb.css → 200 (160ms, 6820B)
[2026-06-13T23:12:10.917Z] GET https://github.githubassets.com/assets/primer-primitives-b39ad27f3538ace3.css → 200 (127ms, 2397B)
[2026-06-13T23:12:10.917Z] GET https://github.githubassets.com/assets/primer-f22ed0439fca0948.css → 200 (127ms, 43393B)
[2026-06-13T23:12:10.917Z] GET https://github.githubassets.com/assets/global-a4af8285020ebdd3.css → 200 (127ms, 40852B)
[2026-06-13T23:12:10.917Z] GET https://github.githubassets.com/assets/github-a042f5a27a556c42.css → 200 (160ms, 22943B)
[2026-06-13T23:12:10.917Z] GET https://github.githubassets.com/assets/repository-5c3491d57145b94f.css → 200 (127ms, 5247B)
[2026-06-13T23:12:10.917Z] GET https://github.githubassets.com/assets/code-15243af6e91879dd.css → 200 (160ms, 5632B)
[2026-06-13T23:12:10.917Z] GET https://github.githubassets.com/assets/high-contrast-cookie-c1770ba1d19e9b2c.js → 200 (218ms, 730B)
[2026-06-13T23:12:10.917Z] GET https://github.githubassets.com/assets/wp-runtime-3c035334d0f12ec2.js → 200 (259ms, 22441B)
[2026-06-13T23:12:10.917Z] GET https://github.githubassets.com/assets/fetch-utilities-9ee17519ce9e3c2d.js → 200 (213ms, 3317B)
[2026-06-13T23:12:10.917Z] GET https://github.githubassets.com/assets/78205-3a6ea5cfe3fb27f2.js → 200 (218ms, 6030B)
[2026-06-13T23:12:10.917Z] GET https://github.githubassets.com/assets/85924-f1da419719ff9817.js → 200 (218ms, 5317B)
[2026-06-13T23:12:10.917Z] GET https://github.githubassets.com/assets/34646-15db85df17067e80.js → 200 (218ms, 7239B)
[2026-06-13T23:12:10.917Z] GET https://github.githubassets.com/assets/environment-c0185e76b9e19524.js → 200 (217ms, 7411B)
[2026-06-13T23:12:10.917Z] GET https://github.githubassets.com/assets/runtime-helpers-1dea47d70a855c49.js → 200 (217ms, 1305B)
[2026-06-13T23:12:10.918Z] GET https://github.githubassets.com/assets/296-a6802cc4838f56c7.js → 200 (216ms, 7224B)
[2026-06-13T23:12:10.918Z] GET https://github.githubassets.com/assets/96232-cd0338265f60ea3c.js → 200 (212ms, 3529B)
[2026-06-13T23:12:10.918Z] GET https://github.githubassets.com/assets/57131-5bc8eba5c8fc646b.js → 200 (260ms, 5885B)
[2026-06-13T23:12:10.918Z] GET https://github.githubassets.com/assets/816-774d14a8cd9b309c.js → 200 (259ms, 4467B)
[2026-06-13T23:12:10.918Z] GET https://github.githubassets.com/assets/37037-6984c88de5bfa6ee.js → 200 (259ms, 7754B)
[2026-06-13T23:12:10.918Z] GET https://github.githubassets.com/assets/81683-7fb5e5fde80fac9b.js → 200 (212ms, 5596B)
[2026-06-13T23:12:10.918Z] GET https://github.githubassets.com/assets/64458-8ba18065e4acf029.js → 200 (259ms, 5065B)
[2026-06-13T23:12:10.918Z] GET https://github.githubassets.com/assets/46740-2ad47934ee602ae7.js → 200 (259ms, 3748B)
[2026-06-13T23:12:10.918Z] GET https://github.githubassets.com/assets/30058-9c2b37573b20355d.js → 200 (261ms, 31603B)
[2026-06-13T23:12:10.918Z] GET https://github.githubassets.com/assets/github-elements-1ba2f4478695d788.js → 200 (259ms, 11082B)
[2026-06-13T23:12:10.918Z] GET https://github.githubassets.com/assets/element-registry-635c22d5761c2c88.js → 200 (259ms, 11957B)
[2026-06-13T23:12:10.918Z] GET https://github.githubassets.com/assets/react-core-fc9320be5cf17da7.js → 200 (336ms, 87940B)
[2026-06-13T23:12:10.918Z] GET https://github.githubassets.com/assets/react-lib-84a0f3ff745a6c51.js → 200 (303ms, 89567B)
[2026-06-13T23:12:10.918Z] GET https://github.githubassets.com/assets/63143-9834767acbea50f3.js → 200 (260ms, 6112B)
[2026-06-13T23:12:10.919Z] GET https://github.githubassets.com/assets/79039-2fc69f86776b329f.js → 200 (211ms, 5358B)
[2026-06-13T23:12:10.919Z] GET https://github.githubassets.com/assets/88475-2de66b4993b12d53.js → 200 (259ms, 3765B)
[2026-06-13T23:12:10.919Z] GET https://github.githubassets.com/assets/2887-998ebe08466c5cd8.js → 200 (259ms, 2318B)
[2026-06-13T23:12:10.919Z] GET https://github.githubassets.com/assets/26533-dfc05901dc9c505a.js → 200 (260ms, 18761B)
[2026-06-13T23:12:10.919Z] GET https://github.githubassets.com/assets/46477-f95fdfc496e9b0a7.js → 200 (258ms, 3446B)
[2026-06-13T23:12:10.919Z] GET https://github.githubassets.com/assets/70507-70c508b0411e7274.js → 200 (259ms, 15793B)
[2026-06-13T23:12:10.919Z] GET https://github.githubassets.com/assets/53320-51f5414603d189f8.js → 200 (294ms, 3709B)
[2026-06-13T23:12:10.919Z] GET https://github.githubassets.com/assets/46287-129b636a11ebc339.js → 200 (294ms, 7687B)
[2026-06-13T23:12:10.919Z] GET https://github.githubassets.com/assets/23548-4d280712b30a1f41.js → 200 (294ms, 12848B)
[2026-06-13T23:12:10.919Z] GET https://github.githubassets.com/assets/89627-ba5b3cb882e1ebde.js → 200 (294ms, 4275B)
[2026-06-13T23:12:10.919Z] GET https://github.githubassets.com/assets/55682-153e8edc1a4a674f.js → 200 (262ms, 4425B)
[2026-06-13T23:12:10.919Z] GET https://github.githubassets.com/assets/49029-cc0e3b68f08333e5.js → 200 (260ms, 3332B)
[2026-06-13T23:12:10.919Z] GET https://github.githubassets.com/assets/99328-99d3191a85988507.js → 200 (260ms, 2963B)
[2026-06-13T23:12:10.919Z] GET https://github.githubassets.com/assets/behaviors-dd63f5cf39bc3361.js → 200 (304ms, 56004B)
[2026-06-13T23:12:10.919Z] GET https://github.githubassets.com/assets/react-core.fa11447b95ddf3b4.module.css → 200 (158ms, 697B)
[2026-06-13T23:12:10.919Z] GET https://github.githubassets.com/assets/61272-70a9b1d064908221.js → 200 (303ms, 4634B)
[2026-06-13T23:12:10.919Z] GET https://github.githubassets.com/assets/notifications-global-6ad97c0f0c98db4a.js → 200 (297ms, 3281B)
[2026-06-13T23:12:10.919Z] GET https://github.githubassets.com/assets/57639-7789b6bcbd790e92.js → 200 (297ms, 5753B)
[2026-06-13T23:12:10.919Z] GET https://github.githubassets.com/assets/81276-3add6fba73352893.js → 200 (296ms, 6309B)
[2026-06-13T23:12:10.919Z] GET https://github.githubassets.com/assets/19930-093550dfcaa84ff5.js → 200 (295ms, 3719B)
[2026-06-13T23:12:10.919Z] GET https://github.githubassets.com/assets/codespaces-baf37aac42ebd669.js → 200 (295ms, 7389B)
[2026-06-13T23:12:10.919Z] GET https://github.githubassets.com/assets/778-72d963ac01ec30d5.js → 200 (294ms, 8090B)
[2026-06-13T23:12:10.919Z] GET https://github.githubassets.com/assets/70206-5d502024eba295bc.js → 200 (294ms, 4914B)
[2026-06-13T23:12:10.919Z] GET https://github.githubassets.com/assets/repositories-5d9e737c9f9f90ac.js → 200 (304ms, 13855B)
[2026-06-13T23:12:10.919Z] GET https://github.githubassets.com/assets/39890-ea637e2d6e07bcb0.js → 200 (304ms, 5948B)
[2026-06-13T23:12:10.920Z] GET https://github.githubassets.com/assets/code-menu-1313aec2f3907e83.js → 200 (303ms, 3814B)
[2026-06-13T23:12:10.920Z] GET https://github.githubassets.com/assets/primer-react-9c0c88d3bf4ce687.js → 200 (381ms, 128674B)
[2026-06-13T23:12:10.920Z] GET https://github.githubassets.com/assets/octicons-react-ad81b26f4cfaa5de.js → 200 (367ms, 106034B)
[2026-06-13T23:12:10.920Z] GET https://github.githubassets.com/assets/97458-c4c25fd291e2e862.js → 200 (302ms, 2990B)
[2026-06-13T23:12:10.920Z] GET https://github.githubassets.com/assets/68751-8ae833d61fa1dcf8.js → 200 (303ms, 7809B)
[2026-06-13T23:12:10.920Z] GET https://github.githubassets.com/assets/24949-e0e9bd62831b246c.js → 200 (303ms, 10937B)
[2026-06-13T23:12:10.920Z] GET https://github.githubassets.com/assets/437-f369302b5a30316b.js → 200 (368ms, 7603B)
[2026-06-13T23:12:10.920Z] GET https://github.githubassets.com/assets/23976-9ffec886618a9a0a.js → 200 (368ms, 6244B)
[2026-06-13T23:12:10.920Z] GET https://github.githubassets.com/assets/7463-c4bd1db840718ba5.js → 200 (367ms, 8486B)
[2026-06-13T23:12:10.920Z] GET https://github.githubassets.com/assets/24564-2484482317ff1b56.js → 200 (367ms, 2377B)
[2026-06-13T23:12:10.920Z] GET https://github.githubassets.com/assets/27600-a8a741eaa771e6d4.js → 200 (382ms, 20927B)
[2026-06-13T23:12:10.920Z] GET https://github.githubassets.com/assets/40294-c1c48d48e71c3021.js → 200 (382ms, 32972B)
[2026-06-13T23:12:10.920Z] GET https://github.githubassets.com/assets/58246-a3325c25ca0beb63.js → 200 (367ms, 3923B)
[2026-06-13T23:12:10.920Z] GET https://github.githubassets.com/assets/55539-8483381eda4cc7fd.js → 200 (303ms, 2988B)
[2026-06-13T23:12:10.920Z] GET https://github.githubassets.com/assets/49561-adb5134a20bbe7a3.js → 200 (369ms, 3505B)
[2026-06-13T23:12:10.920Z] GET https://github.githubassets.com/assets/54933-7837d8b8e8c4716d.js → 200 (369ms, 3089B)
[2026-06-13T23:12:10.920Z] GET https://github.githubassets.com/assets/68735-e704d1c0804bc761.js → 200 (369ms, 3369B)
[2026-06-13T23:12:10.921Z] GET https://github.githubassets.com/assets/83912-adcfab149f60b137.js → 200 (367ms, 4490B)
[2026-06-13T23:12:10.921Z] GET https://github.githubassets.com/assets/68469-ee9ad28a0625875c.js → 200 (368ms, 11469B)
[2026-06-13T23:12:10.921Z] GET https://github.githubassets.com/assets/40828-40ab8ee625866a2f.js → 200 (367ms, 5230B)
[2026-06-13T23:12:10.921Z] GET https://github.githubassets.com/assets/50480-c638e97848dacf1e.js → 200 (367ms, 3171B)
[2026-06-13T23:12:10.921Z] GET https://github.githubassets.com/assets/63000-559a189c36ddcb8e.js → 200 (367ms, 4766B)
[2026-06-13T23:12:10.921Z] GET https://github.githubassets.com/assets/30914-1ce232a495db5e9b.js → 200 (384ms, 12321B)
[2026-06-13T23:12:10.921Z] GET https://github.githubassets.com/assets/33684-f2589824f0f2c48d.js → 200 (382ms, 3686B)
[2026-06-13T23:12:10.921Z] GET https://github.githubassets.com/assets/1334-fabc96c07f4b459d.js → 200 (385ms, 19368B)
[2026-06-13T23:12:10.921Z] GET https://github.githubassets.com/assets/66231-2901cdfa68c9ae0a.js → 200 (381ms, 4822B)
[2026-06-13T23:12:10.921Z] GET https://github.githubassets.com/assets/79407-dffb4c9e97b7b434.js → 200 (381ms, 4518B)
[2026-06-13T23:12:10.921Z] GET https://github.githubassets.com/assets/2204-ecc55bb7c562e463.js → 200 (381ms, 5923B)
[2026-06-13T23:12:10.921Z] GET https://github.githubassets.com/assets/50288-62f36f41324d5486.js → 200 (369ms, 2349B)
[2026-06-13T23:12:10.921Z] GET https://github.githubassets.com/assets/68212-4db51bb9f190a506.js → 200 (369ms, 5596B)
[2026-06-13T23:12:10.921Z] GET https://github.githubassets.com/assets/52957-61e6c6a00d943baf.js → 200 (387ms, 4259B)
[2026-06-13T23:12:10.921Z] GET https://github.githubassets.com/assets/75577-a0374a541821c81d.js → 200 (386ms, 3515B)
[2026-06-13T23:12:10.921Z] GET https://github.githubassets.com/assets/95035-9066804a9247b88c.js → 200 (386ms, 3873B)
[2026-06-13T23:12:10.921Z] GET https://github.githubassets.com/assets/76987-4014b283df4fd8a1.js → 200 (386ms, 2478B)
[2026-06-13T23:12:10.921Z] GET https://github.githubassets.com/assets/53275-fabfb69c68d4d355.js → 200 (385ms, 6911B)
[2026-06-13T23:12:10.921Z] GET https://github.githubassets.com/assets/19824-b1f7d0616c994378.js → 200 (385ms, 6766B)
[2026-06-13T23:12:10.921Z] GET https://github.githubassets.com/assets/38567-63acbf6ac12d7022.js → 200 (400ms, 16991B)
[2026-06-13T23:12:10.921Z] GET https://github.githubassets.com/assets/63806-7f57eb21ce533bfe.js → 200 (385ms, 6714B)
[2026-06-13T23:12:10.921Z] GET https://github.githubassets.com/assets/34583-a469b8dbd866b1ae.js → 200 (387ms, 2686B)
[2026-06-13T23:12:10.921Z] GET https://github.githubassets.com/assets/50110-a2db811cd8c94d69.js → 200 (387ms, 4554B)
[2026-06-13T23:12:10.921Z] GET https://github.githubassets.com/assets/98451-4a9d88571e94d210.js → 200 (387ms, 4738B)
[2026-06-13T23:12:10.921Z] GET https://github.githubassets.com/assets/26497-e8883556a91835f8.js → 200 (405ms, 32238B)
[2026-06-13T23:12:10.921Z] GET https://github.githubassets.com/assets/61279-06533ab78639de23.js → 200 (387ms, 12712B)
[2026-06-13T23:12:10.921Z] GET https://github.githubassets.com/assets/3861-9e620b82a8f26fbc.js → 200 (387ms, 3007B)
[2026-06-13T23:12:10.921Z] GET https://github.githubassets.com/assets/code-view-c45f7f6fc9a893a2.js → 200 (437ms, 157045B)
[2026-06-13T23:12:10.921Z] GET https://github.githubassets.com/assets/primer-react-css.1a844be0feae31b0.module.css → 200 (187ms, 34019B)
[2026-06-13T23:12:10.921Z] GET https://github.githubassets.com/assets/95035.4b3393c4b48581ef.module.css → 200 (202ms, 2629B)
[2026-06-13T23:12:10.921Z] GET https://github.githubassets.com/assets/63806.877c8a2d56dbdc6f.module.css → 200 (201ms, 3415B)
[2026-06-13T23:12:10.921Z] GET https://github.githubassets.com/assets/code-view.67fd20ba0bb4066a.module.css → 200 (202ms, 17150B)
[2026-06-13T23:12:10.921Z] GET https://github.githubassets.com/assets/64039-d8508104b37e1477.js → 200 (399ms, 4405B)
[2026-06-13T23:12:10.921Z] GET https://github.githubassets.com/assets/73635-c3d2c82e82533dd2.js → 200 (397ms, 4393B)
[2026-06-13T23:12:10.922Z] GET https://github.githubassets.com/assets/notifications-subscriptions-menu-f335e12236e38bf6.js → 200 (386ms, 2726B)
[2026-06-13T23:12:10.922Z] GET https://github.githubassets.com/assets/notifications-subscriptions-menu.ca832b85eee7cf8d.module.css → 200 (155ms, 1107B)
[2026-06-13T23:12:10.948Z] GET https://github.githubassets.com/assets/keyboard-shortcuts-dialog.2c9fa5d28b681771.module.css → 200 (172ms, 400B)
[2026-06-13T23:12:10.948Z] GET https://github.githubassets.com/assets/70666-351eb383f1ef4a9d.js → 200 (378ms, 26820B)
[2026-06-13T23:12:10.948Z] GET https://github.githubassets.com/assets/43406-77bbc0d657b16037.js → 200 (370ms, 4410B)
[2026-06-13T23:12:10.948Z] GET https://github.githubassets.com/assets/sessions-f4651db0e4c9dcc6.js → 200 (370ms, 6539B)
[2026-06-13T23:12:10.948Z] GET https://github.githubassets.com/assets/marketing-navigation.bee17795d238a875.module.css → 200 (175ms, 2055B)
[2026-06-13T23:12:11.211Z] GET https://github.githubassets.com/assets/chunk-51591-c57a938d95d8d8e6.js → 200 (115ms, 5340B)
[2026-06-13T23:12:11.211Z] GET https://github.githubassets.com/assets/chunk-34877-29b1924047abbc51.js → 200 (115ms, 590B)
[2026-06-13T23:12:11.211Z] GET https://github.githubassets.com/assets/chunk-36423-6ab39b9d9cc1b25e.js → 200 (115ms, 3768B)
[2026-06-13T23:12:11.211Z] GET https://github.githubassets.com/assets/44391-4290878095208244.js → 200 (115ms, 3601B)
[2026-06-13T23:12:11.211Z] GET https://github.githubassets.com/assets/2694-2ddb488b02ba1b01.js → 200 (115ms, 7091B)
[2026-06-13T23:12:11.211Z] GET https://github.githubassets.com/assets/chunk-43205-d1c874078383b7f7.js → 200 (129ms, 3910B)
[2026-06-13T23:12:11.211Z] GET https://github.githubassets.com/assets/chunk-87260-499ee709701926d1.js → 200 (146ms, 16990B)
[2026-06-13T23:12:11.211Z] GET https://github.githubassets.com/assets/17752-4cebf91a705c443b.js → 200 (131ms, 9255B)
[2026-06-13T23:12:11.211Z] GET https://github.githubassets.com/assets/chunk-52728-56b1927fbd5226c3.js → 200 (131ms, 685B)
[2026-06-13T23:12:11.211Z] GET https://github.githubassets.com/assets/chunk-73937-8881035a44f0c991.js → 200 (131ms, 543B)
[2026-06-13T23:12:11.211Z] GET https://github.githubassets.com/assets/chunk-66575-f263bea300de6dff.js → 200 (131ms, 566B)
[2026-06-13T23:12:11.211Z] GET https://github.githubassets.com/assets/chunk-76753-d10edcae8477ec56.js → 200 (132ms, 5299B)
[2026-06-13T23:12:11.211Z] GET https://github.githubassets.com/assets/chunk-70776-7f715c18f195eab1.js → 200 (146ms, 533B)
[2026-06-13T23:12:11.211Z] GET https://github.githubassets.com/assets/26802-579f763e7f5ca8bd.js → 200 (146ms, 6611B)
[2026-06-13T23:12:11.211Z] GET https://github.githubassets.com/assets/38963.8add87f5d74d588c.module.css → 200 (134ms, 651B)
[2026-06-13T23:12:11.212Z] GET https://github.githubassets.com/assets/71236-4dec2ee0692c7e78.js → 200 (145ms, 3659B)
[2026-06-13T23:12:11.212Z] GET https://github.githubassets.com/assets/19527-3d75970aaa33a14d.js → 200 (146ms, 22192B)
[2026-06-13T23:12:11.212Z] GET https://github.githubassets.com/assets/90019-84ba3a5e57a0bd4e.js → 200 (131ms, 5564B)
[2026-06-13T23:12:11.212Z] GET https://github.githubassets.com/assets/70168.1218918dd76930bd.module.css → 200 (133ms, 2045B)
[2026-06-13T23:12:11.212Z] GET https://github.com/project-slippi/slippi-wiki/hovercards/citation/sidebar_partial?tree_name=master → pending (?ms, ?B)
[2026-06-13T23:12:11.212Z] GET https://github.com/project-slippi/slippi-wiki/packages_list?current_repository=slippi-wiki → pending (?ms, ?B)
[2026-06-13T23:12:11.212Z] GET https://github.com/project-slippi/slippi-wiki/used_by_list → pending (?ms, ?B)
[2026-06-13T23:12:11.213Z] GET https://github.com/project-slippi/slippi-wiki/contributors_list?current_repository=slippi-wiki&deferred=true → pending (?ms, ?B)
[2026-06-13T23:12:11.281Z] GET https://github.githubassets.com/assets/chunk-63160-d2b6073aa911a9ad.js → 200 (41ms, 17382B)
[2026-06-13T23:12:11.286Z] GET https://github.githubassets.com/assets/chunk-46661-da78757dc8d373a0.js → 200 (54ms, 4010B)
[2026-06-13T23:12:11.343Z] GET https://github.githubassets.com/assets/chunk-85825-311c11e4756fbf7d.js → 200 (82ms, 9829B)
[2026-06-13T23:12:11.416Z] GET https://github.com/project-slippi/slippi-wiki/latest-commit → pending (?ms, ?B)
[2026-06-13T23:12:11.417Z] GET https://github.com/project-slippi/slippi-wiki/recently-touched-branches → pending (?ms, ?B)
[2026-06-13T23:12:11.417Z] GET https://github.com/project-slippi/slippi-wiki/branch-and-tag-count → pending (?ms, ?B)
[2026-06-13T23:12:11.443Z] POST https://collector.github.com/github/collect → pending (?ms, ?B)
[2026-06-13T23:12:11.443Z] GET https://github.com/project-slippi/slippi-wiki/tree-commit-info → pending (?ms, ?B)
[2026-06-13T23:12:11.453Z] GET https://github.com/project-slippi/slippi-wiki/refs?type=branch → 200 (278ms, 4195B)
[2026-06-13T23:12:11.458Z] GET https://avatars.githubusercontent.com/u/1534726?s=64&v=4 → 200 (155ms, 1724B)
[2026-06-13T23:12:11.458Z] GET https://avatars.githubusercontent.com/u/6331403?s=64&v=4 → 200 (153ms, 1989B)
[2026-06-13T23:12:11.458Z] GET https://avatars.githubusercontent.com/u/19237093?s=64&v=4 → 200 (448ms, 8289B)
[2026-06-13T23:12:11.458Z] GET https://avatars.githubusercontent.com/u/8659630?s=64&v=4 → 200 (155ms, 2088B)
[2026-06-13T23:12:11.458Z] GET https://avatars.githubusercontent.com/u/609563?s=64&v=4 → 200 (174ms, 2938B)
[2026-06-13T23:12:11.458Z] GET https://avatars.githubusercontent.com/u/3300257?s=64&v=4 → 200 (153ms, 1764B)
[2026-06-13T23:12:11.458Z] GET https://avatars.githubusercontent.com/u/35666310?s=64&v=4 → 200 (187ms, 1791B)
[2026-06-13T23:12:11.458Z] GET https://avatars.githubusercontent.com/u/39544927?s=64&v=4 → 200 (367ms, 5058B)
[2026-06-13T23:12:11.458Z] GET https://avatars.githubusercontent.com/u/1380104?s=64&v=4 → 200 (187ms, 2011B)
[2026-06-13T23:12:11.458Z] GET https://avatars.githubusercontent.com/u/4676210?s=64&v=4 → 200 (187ms, 1953B)
[2026-06-13T23:12:11.458Z] GET https://avatars.githubusercontent.com/u/10557166?s=64&v=4 → 200 (194ms, 1935B)
[2026-06-13T23:12:11.458Z] GET https://avatars.githubusercontent.com/u/48610650?s=64&v=4 → 200 (366ms, 1648B)
[2026-06-13T23:12:11.458Z] GET https://avatars.githubusercontent.com/u/17839618?s=64&v=4 → 200 (186ms, 4137B)
[2026-06-13T23:12:11.458Z] GET https://avatars.githubusercontent.com/u/34149390?s=64&v=4 → 200 (306ms, 1763B)
[2026-06-13T23:12:11.465Z] GET https://github.githubassets.com/assets/appearance-settings.c0598fede7d39156.module.css → 200 (52ms, 1768B)
[2026-06-13T23:12:11.493Z] GET https://github.githubassets.com/assets/81550-aa582989539324c4.js → 200 (38ms, 5697B)
[2026-06-13T23:12:11.493Z] GET https://github.githubassets.com/assets/71849.4cfb21dac2680ba9.module.css → 200 (24ms, 1761B)
[2026-06-13T23:12:11.493Z] GET https://github.githubassets.com/assets/chunk-lazy-react-partial-appearance-settings-42da0723caab442a.js → 200 (38ms, 3203B)
[2026-06-13T23:12:11.500Z] POST https://collector.github.com/github/collect → 204 (432ms, 468B)
[2026-06-13T23:12:11.500Z] POST https://collector.github.com/github/collect → 204 (427ms, 468B)
[2026-06-13T23:12:11.501Z] GET https://github.githubassets.com/assets/96037.d5ce918d22a1bef8.module.css → 200 (41ms, 906B)
[2026-06-13T23:12:11.501Z] GET https://github.githubassets.com/assets/chunk-96037-3b88527062404089.js → 200 (57ms, 1934B)
[2026-06-13T23:12:11.763Z] GET https://avatars.githubusercontent.com/u/3300257?v=4&size=40 → 200 (227ms, 1420B)
[2026-06-13T23:12:11.767Z] POST https://collector.github.com/github/collect → 204 (160ms, 468B)
[2026-06-13T23:12:11.768Z] POST https://collector.github.com/github/collect → 204 (159ms, 468B)
[2026-06-13T23:12:11.772Z] POST https://collector.github.com/github/collect → 204 (154ms, 469B)
[2026-06-13T23:12:11.991Z] POST https://collector.github.com/github/collect → 204 (155ms, 468B)
[2026-06-13T23:12:11.994Z] POST https://api.github.com/_private/browser/stats → 200 (338ms, -17B)
[2026-06-13T23:12:11.994Z] POST https://collector.github.com/github/collect → 204 (151ms, 468B)
[2026-06-13T23:12:16.995Z] POST https://collector.github.com/github/collect → 204 (235ms, 468B)
[2026-06-13T23:12:22.349Z] GET https://slippi.gg/user/nut-877 → pending (?ms, ?B)
[2026-06-13T23:12:22.563Z] GET https://www.googletagmanager.com/gtag/js?id=UA-136305043-1 → 200 (9ms, -568B)
[2026-06-13T23:12:22.563Z] GET https://unpkg.com/aos@next/dist/aos.css → 302 (5ms, 45B)
[2026-06-13T23:12:22.563Z] GET https://slippi.gg/static/js/main.a39cc53d.js → 200 (39ms, -286B)
[2026-06-13T23:12:22.563Z] GET https://slippi.gg/static/css/main.96f2075f.css → 200 (6ms, -307B)
[2026-06-13T23:12:22.568Z] GET https://unpkg.com/aos@3.0.0-beta.6/dist/aos.css → 200 (2ms, -729B)
[2026-06-13T23:12:22.569Z] GET https://fonts.googleapis.com/css?family=Roboto:100,300,400,500,700,900|Maven+Pro:400,500,700,800|Rubik:300,400,500,700 → 200 (1ms, -698B)
[2026-06-13T23:12:22.583Z] GET https://www.googletagmanager.com/gtag/js?id=G-NPBRD7S7KW&cx=c&gtm=4e66a1 → 200 (7ms, -522B)
[2026-06-13T23:12:22.583Z] GET https://www.google-analytics.com/analytics.js → 200 (3ms, -840B)
[2026-06-13T23:12:22.710Z] GET https://js.stripe.com/v3 → 200 (70ms, 459B)
[2026-06-13T23:12:22.710Z] GET https://slippi.gg/static/media/SlippiggHorizontal.c9a4953482e352219226eed991ed6213.svg → 200 (1ms, -311B)
[2026-06-13T23:12:22.711Z] GET https://fonts.gstatic.com/s/rubik/v31/iJWKBXyIfDnIV7nBrXyw023e.woff2 → 200 (5ms, -815B)
[2026-06-13T23:12:22.725Z] POST https://internal.slippi.gg/graphql → 200 (369ms, 144B)
[2026-06-13T23:12:22.794Z] GET https://js.stripe.com/v3/controller-with-preconnect-557d428dc3cfb5119fa8e8db30661a6c.html → 200 (1ms, -1198B)
[2026-06-13T23:12:22.827Z] GET https://js.stripe.com/v3/fingerprinted/js/shared-caf699e09dfe1f4895f88e7aeb03b474.js → 200 (6ms, -616B)
[2026-06-13T23:12:22.827Z] GET https://js.stripe.com/v3/fingerprinted/js/controller-with-preconnect-9c31de8ad76509a9dd1704cf139605bc.js → 200 (12ms, -616B)
[2026-06-13T23:12:22.904Z] GET https://js.stripe.com/v3/.deploy_status_henson.json → 200 (101ms, -553B)
[2026-06-13T23:12:22.904Z] GET https://js.stripe.com/v3/.deploy_status_henson.json → 200 (101ms, -553B)
[2026-06-13T23:12:22.905Z] GET https://js.stripe.com/v3/fingerprinted/js/stripe-cookies-99315d136700f132b072c563090f72a7.js → 200 (?ms, -615B)
[2026-06-13T23:12:22.905Z] GET https://js.stripe.com/v3/.deploy_status_henson.json → 200 (100ms, 325B)
[2026-06-13T23:12:22.905Z] GET https://js.stripe.com/v3/fingerprinted/js/consumerSchema-b415a44787df0507a440b401f8131955.js → 200 (6ms, -616B)
[2026-06-13T23:12:23.009Z] POST https://r.stripe.com/b → 200 (276ms, 211B)
[2026-06-13T23:12:23.793Z] GET https://js.stripe.com/v3/m-outer-3437aaddcdf6922d623e172c2d6f9278.html → 200 (1ms, -1351B)
[2026-06-13T23:12:23.796Z] GET https://js.stripe.com/v3/fingerprinted/js/m-outer-15a2b40a058ddff1cffdb63779fe3de1.js → 200 (1ms, -633B)
[2026-06-13T23:12:23.798Z] GET https://m.stripe.network/inner.html → 200 (?ms, -1199B)
[2026-06-13T23:12:23.802Z] GET https://m.stripe.network/out-4.5.45.js → 200 (1ms, -568B)
[2026-06-13T23:12:23.817Z] POST https://m.stripe.com/6 → 200 (412ms, 579B)
[2026-06-13T23:12:24.008Z] POST https://r.stripe.com/b → 200 (228ms, 211B)
[2026-06-13T23:12:24.008Z] POST https://r.stripe.com/b → 200 (228ms, 211B)
[2026-06-13T23:12:24.009Z] POST https://r.stripe.com/b → 200 (227ms, 211B)
[2026-06-13T23:12:25.232Z] POST https://r.stripe.com/b → pending (?ms, ?B)
[2026-06-13T23:12:27.604Z] POST https://region1.google-analytics.com/g/collect?v=2&tid=G-NPBRD7S7KW&gtm=45je66a1v9114334048za20g&_p=1781392342563&gcd=13l3l3l2l1l1&npa=1&dma_cps=a&dma=1&_eu=EAAIAAQ&are=1&cid=1514921236.1781392284&frm=0&ir=1&pscdl=noapi&rcb=14&sr=1280x720&uaa=arm&uab=64&uafvl=Not%253AA-Brand%3B99.0.0.0%7CHeadlessChrome%3B145.0.7632.6%7CChromium%3B145.0.7632.6&uam=&uamb=0&uap=macOS&uapv=27.0.0&uaw=0&ul=en-us&_s=1&tag_exp=115938465~115938468~118012009~119456239~119456247&sid=1781392283&sct=1&seg=1&dl=https%3A%2F%2Fslippi.gg%2Fuser%2Fnut-877&dt=Slippi&en=page_view&tfd=5254 → 204 (87ms, ?B)
[2026-06-13T23:12:27.915Z] GET https://js.stripe.com/v3/fingerprinted/js/trusted-types-checker-a86dcafd042e60cf7585cbabd57b0cdb.js → 200 (?ms, -632B)
[2026-06-13T23:12:30.234Z] POST https://r.stripe.com/b → pending (?ms, ?B)
[2026-06-13T23:12:34.364Z] GET https://slippi.gg/user/kjh-0 → pending (?ms, ?B)
[2026-06-13T23:12:34.623Z] POST https://region1.google-analytics.com/g/collect?v=2&tid=G-NPBRD7S7KW&gtm=45je66a1v9114334048za20g&_p=1781392342563&gcd=13l3l3l2l1l1&npa=1&dma_cps=a&dma=1&_eu=EAAIAAQ&are=1&cid=1514921236.1781392284&frm=0&ir=1&pscdl=noapi&rcb=14&sr=1280x720&uaa=arm&uab=64&uafvl=Not%253AA-Brand%3B99.0.0.0%7CHeadlessChrome%3B145.0.7632.6%7CChromium%3B145.0.7632.6&uam=&uamb=0&uap=macOS&uapv=27.0.0&uaw=0&ul=en-us&_s=2&tag_exp=115938465~115938468~118012009~119456239~119456247&sid=1781392283&sct=1&seg=1&dl=https%3A%2F%2Fslippi.gg%2Fuser%2Fnut-877&dt=Slippi&en=user_engagement&_et=12020&tfd=12272 → pending (?ms, ?B)
[2026-06-13T23:12:34.625Z] GET https://www.googletagmanager.com/gtag/js?id=UA-136305043-1 → 200 (?ms, -568B)
[2026-06-13T23:12:34.625Z] GET https://unpkg.com/aos@next/dist/aos.css → 302 (55ms, 45B)
[2026-06-13T23:12:34.625Z] GET https://slippi.gg/static/js/main.a39cc53d.js → 200 (1ms, -286B)
[2026-06-13T23:12:34.626Z] GET https://slippi.gg/static/css/main.96f2075f.css → 200 (?ms, -307B)
[2026-06-13T23:12:34.626Z] GET https://fonts.googleapis.com/css?family=Roboto:100,300,400,500,700,900|Maven+Pro:400,500,700,800|Rubik:300,400,500,700 → 200 (?ms, -698B)
[2026-06-13T23:12:34.633Z] GET https://www.googletagmanager.com/gtag/js?id=G-NPBRD7S7KW&cx=c&gtm=4e66a1 → 200 (?ms, -522B)
[2026-06-13T23:12:34.633Z] GET https://www.google-analytics.com/analytics.js → 200 (?ms, -840B)
[2026-06-13T23:12:34.643Z] GET https://fonts.gstatic.com/s/rubik/v31/iJWKBXyIfDnIV7nBrXyw023e.woff2 → 200 (?ms, -815B)
[2026-06-13T23:12:34.680Z] GET https://unpkg.com/aos@3.0.0-beta.6/dist/aos.css → 200 (?ms, -729B)
[2026-06-13T23:12:34.714Z] GET https://slippi.gg/static/media/SlippiggHorizontal.c9a4953482e352219226eed991ed6213.svg → 200 (?ms, -311B)
[2026-06-13T23:12:34.714Z] GET https://js.stripe.com/v3 → 200 (?ms, -680B)
[2026-06-13T23:12:34.721Z] POST https://internal.slippi.gg/graphql → 200 (450ms, 110B)
[2026-06-13T23:12:34.732Z] GET https://js.stripe.com/v3/controller-with-preconnect-557d428dc3cfb5119fa8e8db30661a6c.html → 200 (1ms, -1198B)
[2026-06-13T23:12:34.735Z] GET https://js.stripe.com/v3/fingerprinted/js/shared-caf699e09dfe1f4895f88e7aeb03b474.js → 200 (1ms, -616B)
[2026-06-13T23:12:34.736Z] GET https://js.stripe.com/v3/fingerprinted/js/controller-with-preconnect-9c31de8ad76509a9dd1704cf139605bc.js → 200 (?ms, -616B)
[2026-06-13T23:12:34.756Z] GET https://js.stripe.com/v3/.deploy_status_henson.json → 200 (2ms, -553B)
[2026-06-13T23:12:34.756Z] GET https://js.stripe.com/v3/.deploy_status_henson.json → 200 (1ms, -553B)
[2026-06-13T23:12:34.757Z] GET https://js.stripe.com/v3/fingerprinted/js/stripe-cookies-99315d136700f132b072c563090f72a7.js → 200 (?ms, -615B)
[2026-06-13T23:12:34.757Z] GET https://js.stripe.com/v3/.deploy_status_henson.json → 200 (?ms, -553B)
[2026-06-13T23:12:34.762Z] POST https://r.stripe.com/b → 200 (259ms, 211B)
[2026-06-13T23:12:34.764Z] GET https://js.stripe.com/v3/fingerprinted/js/consumerSchema-b415a44787df0507a440b401f8131955.js → 200 (?ms, -616B)
[2026-06-13T23:12:35.728Z] GET https://js.stripe.com/v3/m-outer-3437aaddcdf6922d623e172c2d6f9278.html → 200 (1ms, -1351B)
[2026-06-13T23:12:35.731Z] GET https://js.stripe.com/v3/fingerprinted/js/m-outer-15a2b40a058ddff1cffdb63779fe3de1.js → 200 (?ms, -633B)
[2026-06-13T23:12:35.733Z] GET https://m.stripe.network/inner.html → 200 (?ms, -1199B)
[2026-06-13T23:12:35.735Z] GET https://m.stripe.network/out-4.5.45.js → 200 (1ms, -568B)
[2026-06-13T23:12:35.740Z] POST https://m.stripe.com/6 → 200 (236ms, 579B)
[2026-06-13T23:12:35.763Z] POST https://r.stripe.com/b → 200 (235ms, 211B)
[2026-06-13T23:12:35.763Z] POST https://r.stripe.com/b → 200 (235ms, 211B)
[2026-06-13T23:12:35.763Z] POST https://r.stripe.com/b → 200 (214ms, 211B)
[2026-06-13T23:12:36.824Z] GET https://slippi.gg/user/jon-0 → 200 (382ms, 836B)
[2026-06-13T23:12:36.824Z] POST https://r.stripe.com/b → 200 (358ms, 211B)
[2026-06-13T23:12:37.210Z] POST https://region1.google-analytics.com/g/collect?v=2&tid=G-NPBRD7S7KW&gtm=45je66a1v9114334048za20g&_p=1781392354624&gcd=13l3l3l2l1l1&npa=1&dma_cps=a&dma=1&_eu=EAAIAAQ&are=1&cid=1514921236.1781392284&frm=0&ir=1&pscdl=noapi&rcb=14&sr=1280x720&uaa=arm&uab=64&uafvl=Not%253AA-Brand%3B99.0.0.0%7CHeadlessChrome%3B145.0.7632.6%7CChromium%3B145.0.7632.6&uam=&uamb=0&uap=macOS&uapv=27.0.0&uaw=0&ul=en-us&tag_exp=115616986~115938466~115938468~119456239~119456247&sid=1781392283&sct=1&seg=1&dl=https%3A%2F%2Fslippi.gg%2Fuser%2Fkjh-0&dt=Slippi&_s=1&tfd=2844 → pending (?ms, ?B)
[2026-06-13T23:12:37.211Z] GET https://www.googletagmanager.com/gtag/js?id=UA-136305043-1 → 200 (1ms, -568B)
[2026-06-13T23:12:37.212Z] GET https://unpkg.com/aos@next/dist/aos.css → 200 (?ms, -729B)
[2026-06-13T23:12:37.212Z] GET https://slippi.gg/static/js/main.a39cc53d.js → 200 (?ms, -286B)
[2026-06-13T23:12:37.212Z] GET https://slippi.gg/static/css/main.96f2075f.css → 200 (?ms, -307B)
[2026-06-13T23:12:37.212Z] GET https://fonts.googleapis.com/css?family=Roboto:100,300,400,500,700,900|Maven+Pro:400,500,700,800|Rubik:300,400,500,700 → 200 (?ms, -698B)
[2026-06-13T23:12:37.222Z] GET https://fonts.gstatic.com/s/rubik/v31/iJWKBXyIfDnIV7nBrXyw023e.woff2 → 200 (?ms, -815B)
[2026-06-13T23:12:37.234Z] GET https://slippi.gg/static/media/SlippiggHorizontal.c9a4953482e352219226eed991ed6213.svg → 200 (?ms, -311B)
[2026-06-13T23:12:37.234Z] GET https://js.stripe.com/v3 → 200 (?ms, -680B)
[2026-06-13T23:12:37.240Z] POST https://internal.slippi.gg/graphql → 200 (206ms, 110B)
[2026-06-13T23:12:37.244Z] GET https://www.googletagmanager.com/gtag/js?id=G-NPBRD7S7KW&cx=c&gtm=4e66a1 → 200 (?ms, -522B)
[2026-06-13T23:12:37.244Z] GET https://www.google-analytics.com/analytics.js → 200 (?ms, -840B)
[2026-06-13T23:12:37.249Z] GET https://js.stripe.com/v3/controller-with-preconnect-557d428dc3cfb5119fa8e8db30661a6c.html → 200 (1ms, -1198B)
[2026-06-13T23:12:37.255Z] GET https://js.stripe.com/v3/fingerprinted/js/shared-caf699e09dfe1f4895f88e7aeb03b474.js → 200 (?ms, -616B)
[2026-06-13T23:12:37.256Z] GET https://js.stripe.com/v3/fingerprinted/js/controller-with-preconnect-9c31de8ad76509a9dd1704cf139605bc.js → 200 (?ms, -616B)
[2026-06-13T23:12:37.262Z] GET https://js.stripe.com/v3/.deploy_status_henson.json → 200 (1ms, -553B)
[2026-06-13T23:12:37.262Z] GET https://js.stripe.com/v3/.deploy_status_henson.json → 200 (1ms, -553B)
[2026-06-13T23:12:37.262Z] GET https://js.stripe.com/v3/fingerprinted/js/stripe-cookies-99315d136700f132b072c563090f72a7.js → 200 (?ms, -615B)
[2026-06-13T23:12:37.262Z] GET https://js.stripe.com/v3/.deploy_status_henson.json → 200 (?ms, -553B)
[2026-06-13T23:12:37.266Z] POST https://r.stripe.com/b → pending (?ms, ?B)
[2026-06-13T23:12:37.266Z] GET https://js.stripe.com/v3/fingerprinted/js/consumerSchema-b415a44787df0507a440b401f8131955.js → 200 (?ms, -616B)
[2026-06-13T23:12:38.250Z] GET https://js.stripe.com/v3/m-outer-3437aaddcdf6922d623e172c2d6f9278.html → 200 (?ms, -1351B)
[2026-06-13T23:12:38.256Z] GET https://js.stripe.com/v3/fingerprinted/js/m-outer-15a2b40a058ddff1cffdb63779fe3de1.js → 200 (?ms, -633B)
[2026-06-13T23:12:38.257Z] GET https://m.stripe.network/inner.html → 200 (1ms, -1199B)
[2026-06-13T23:12:38.260Z] GET https://m.stripe.network/out-4.5.45.js → 200 (?ms, -568B)
[2026-06-13T23:12:38.263Z] POST https://m.stripe.com/6 → pending (?ms, ?B)
[2026-06-13T23:12:38.264Z] POST https://r.stripe.com/b → pending (?ms, ?B)
[2026-06-13T23:12:38.264Z] POST https://r.stripe.com/b → pending (?ms, ?B)
[2026-06-13T23:12:38.267Z] POST https://r.stripe.com/b → pending (?ms, ?B)
[2026-06-13T23:12:39.160Z] GET https://slippi.gg/user/ban-0 → 200 (203ms, 847B)
[2026-06-13T23:12:39.160Z] POST https://r.stripe.com/b → pending (?ms, ?B)
[2026-06-13T23:12:39.367Z] POST https://region1.google-analytics.com/g/collect?v=2&tid=G-NPBRD7S7KW&gtm=45je66a1v9114334048za20g&_p=1781392357211&gcd=13l3l3l2l1l1&npa=1&dma_cps=a&dma=1&_eu=EAAIAAQ&are=1&cid=1514921236.1781392284&frm=0&ir=1&pscdl=noapi&rcb=17&sr=1280x720&uaa=arm&uab=64&uafvl=Not%253AA-Brand%3B99.0.0.0%7CHeadlessChrome%3B145.0.7632.6%7CChromium%3B145.0.7632.6&uam=&uamb=0&uap=macOS&uapv=27.0.0&uaw=0&ul=en-us&tag_exp=115938465~115938468~119456239~119456247&sid=1781392283&sct=1&seg=1&dl=https%3A%2F%2Fslippi.gg%2Fuser%2Fjon-0&dt=Slippi&_s=1&tfd=2541 → pending (?ms, ?B)
[2026-06-13T23:12:39.384Z] GET https://www.googletagmanager.com/gtag/js?id=UA-136305043-1 → 200 (?ms, -568B)
[2026-06-13T23:12:39.384Z] GET https://unpkg.com/aos@next/dist/aos.css → 200 (?ms, -729B)
[2026-06-13T23:12:39.384Z] GET https://slippi.gg/static/js/main.a39cc53d.js → 200 (?ms, -286B)
[2026-06-13T23:12:39.384Z] GET https://slippi.gg/static/css/main.96f2075f.css → 200 (?ms, -307B)
[2026-06-13T23:12:39.393Z] GET https://fonts.googleapis.com/css?family=Roboto:100,300,400,500,700,900|Maven+Pro:400,500,700,800|Rubik:300,400,500,700 → 200 (?ms, -698B)
[2026-06-13T23:12:39.393Z] GET https://fonts.gstatic.com/s/rubik/v31/iJWKBXyIfDnIV7nBrXyw023e.woff2 → 200 (?ms, -815B)
[2026-06-13T23:12:39.403Z] GET https://slippi.gg/static/media/SlippiggHorizontal.c9a4953482e352219226eed991ed6213.svg → 200 (?ms, -311B)
[2026-06-13T23:12:39.404Z] GET https://js.stripe.com/v3 → 200 (?ms, -680B)
[2026-06-13T23:12:39.410Z] POST https://internal.slippi.gg/graphql → pending (?ms, ?B)
[2026-06-13T23:12:39.413Z] GET https://www.googletagmanager.com/gtag/js?id=G-NPBRD7S7KW&cx=c&gtm=4e66a1 → 200 (?ms, -522B)
[2026-06-13T23:12:39.413Z] GET https://www.google-analytics.com/analytics.js → 200 (?ms, -840B)
[2026-06-13T23:12:39.419Z] GET https://js.stripe.com/v3/controller-with-preconnect-557d428dc3cfb5119fa8e8db30661a6c.html → 200 (1ms, -1198B)
[2026-06-13T23:12:39.422Z] GET https://js.stripe.com/v3/fingerprinted/js/shared-caf699e09dfe1f4895f88e7aeb03b474.js → 200 (1ms, -616B)
[2026-06-13T23:12:39.423Z] GET https://js.stripe.com/v3/fingerprinted/js/controller-with-preconnect-9c31de8ad76509a9dd1704cf139605bc.js → 200 (?ms, -616B)
[2026-06-13T23:12:39.433Z] GET https://js.stripe.com/v3/.deploy_status_henson.json → 200 (1ms, -553B)
[2026-06-13T23:12:39.433Z] GET https://js.stripe.com/v3/.deploy_status_henson.json → 200 (1ms, -553B)
[2026-06-13T23:12:39.433Z] GET https://js.stripe.com/v3/fingerprinted/js/stripe-cookies-99315d136700f132b072c563090f72a7.js → 200 (?ms, -615B)
[2026-06-13T23:12:39.434Z] GET https://js.stripe.com/v3/.deploy_status_henson.json → 200 (?ms, -553B)
[2026-06-13T23:12:39.437Z] POST https://r.stripe.com/b → pending (?ms, ?B)
[2026-06-13T23:12:39.438Z] GET https://js.stripe.com/v3/fingerprinted/js/consumerSchema-b415a44787df0507a440b401f8131955.js → 200 (?ms, -616B)
[2026-06-13T23:12:40.419Z] GET https://js.stripe.com/v3/m-outer-3437aaddcdf6922d623e172c2d6f9278.html → 200 (1ms, -1351B)
[2026-06-13T23:12:40.423Z] GET https://js.stripe.com/v3/fingerprinted/js/m-outer-15a2b40a058ddff1cffdb63779fe3de1.js → 200 (?ms, -633B)
[2026-06-13T23:12:40.424Z] GET https://m.stripe.network/inner.html → 200 (1ms, -1199B)
[2026-06-13T23:12:40.428Z] GET https://m.stripe.network/out-4.5.45.js → 200 (?ms, -568B)
[2026-06-13T23:12:40.433Z] POST https://m.stripe.com/6 → pending (?ms, ?B)
[2026-06-13T23:12:40.435Z] POST https://r.stripe.com/b → pending (?ms, ?B)
[2026-06-13T23:12:40.435Z] POST https://r.stripe.com/b → pending (?ms, ?B)
[2026-06-13T23:12:40.441Z] POST https://r.stripe.com/b → pending (?ms, ?B)
[2026-06-13T23:12:41.338Z] GET https://slippi.gg/user/yong-0 → pending (?ms, ?B)
[2026-06-13T23:12:41.338Z] POST https://r.stripe.com/b → pending (?ms, ?B)
[2026-06-13T23:12:41.521Z] POST https://region1.google-analytics.com/g/collect?v=2&tid=G-NPBRD7S7KW&gtm=45je66a1v9114334048za20g&_p=1781392359383&gcd=13l3l3l2l1l1&npa=1&dma_cps=a&dma=1&_eu=EAAIAAQ&are=1&cid=1514921236.1781392284&frm=0&ir=1&pscdl=noapi&rcb=9&sr=1280x720&uaa=arm&uab=64&uafvl=Not%253AA-Brand%3B99.0.0.0%7CHeadlessChrome%3B145.0.7632.6%7CChromium%3B145.0.7632.6&uam=&uamb=0&uap=macOS&uapv=27.0.0&uaw=0&ul=en-us&tag_exp=115938465~115938469~117776793~119456239~119456247&sid=1781392283&sct=1&seg=1&dl=https%3A%2F%2Fslippi.gg%2Fuser%2Fban-0&dt=Slippi&_s=1&tfd=2359 → pending (?ms, ?B)
[2026-06-13T23:12:41.542Z] GET https://www.googletagmanager.com/gtag/js?id=UA-136305043-1 → 200 (?ms, -568B)
[2026-06-13T23:12:41.542Z] GET https://unpkg.com/aos@next/dist/aos.css → 200 (?ms, -729B)
[2026-06-13T23:12:41.542Z] GET https://slippi.gg/static/js/main.a39cc53d.js → 200 (?ms, -286B)
[2026-06-13T23:12:41.542Z] GET https://slippi.gg/static/css/main.96f2075f.css → 200 (?ms, -307B)
[2026-06-13T23:12:41.551Z] GET https://fonts.googleapis.com/css?family=Roboto:100,300,400,500,700,900|Maven+Pro:400,500,700,800|Rubik:300,400,500,700 → 200 (?ms, -698B)
[2026-06-13T23:12:41.551Z] GET https://fonts.gstatic.com/s/rubik/v31/iJWKBXyIfDnIV7nBrXyw023e.woff2 → 200 (?ms, -815B)
[2026-06-13T23:12:41.563Z] GET https://slippi.gg/static/media/SlippiggHorizontal.c9a4953482e352219226eed991ed6213.svg → 200 (?ms, -311B)
[2026-06-13T23:12:41.563Z] GET https://js.stripe.com/v3 → 200 (?ms, -680B)
[2026-06-13T23:12:41.568Z] POST https://internal.slippi.gg/graphql → 200 (400ms, 111B)
[2026-06-13T23:12:41.573Z] GET https://www.googletagmanager.com/gtag/js?id=G-NPBRD7S7KW&cx=c&gtm=4e66a1 → 200 (?ms, -522B)
[2026-06-13T23:12:41.573Z] GET https://www.google-analytics.com/analytics.js → 200 (?ms, -840B)
[2026-06-13T23:12:41.577Z] GET https://js.stripe.com/v3/controller-with-preconnect-557d428dc3cfb5119fa8e8db30661a6c.html → 200 (1ms, -1198B)
[2026-06-13T23:12:41.581Z] GET https://js.stripe.com/v3/fingerprinted/js/shared-caf699e09dfe1f4895f88e7aeb03b474.js → 200 (?ms, -616B)
[2026-06-13T23:12:41.581Z] GET https://js.stripe.com/v3/fingerprinted/js/controller-with-preconnect-9c31de8ad76509a9dd1704cf139605bc.js → 200 (?ms, -616B)
[2026-06-13T23:12:41.590Z] GET https://js.stripe.com/v3/.deploy_status_henson.json → 200 (5ms, -553B)
[2026-06-13T23:12:41.590Z] GET https://js.stripe.com/v3/.deploy_status_henson.json → 200 (5ms, -553B)
[2026-06-13T23:12:41.591Z] GET https://js.stripe.com/v3/fingerprinted/js/stripe-cookies-99315d136700f132b072c563090f72a7.js → 200 (?ms, -615B)
[2026-06-13T23:12:41.594Z] GET https://js.stripe.com/v3/.deploy_status_henson.json → 200 (?ms, -553B)
[2026-06-13T23:12:41.596Z] POST https://r.stripe.com/b → 200 (259ms, 211B)
[2026-06-13T23:12:41.596Z] GET https://js.stripe.com/v3/fingerprinted/js/consumerSchema-b415a44787df0507a440b401f8131955.js → 200 (?ms, -616B)
[2026-06-13T23:12:42.578Z] GET https://js.stripe.com/v3/m-outer-3437aaddcdf6922d623e172c2d6f9278.html → 200 (?ms, -1351B)
[2026-06-13T23:12:42.582Z] GET https://js.stripe.com/v3/fingerprinted/js/m-outer-15a2b40a058ddff1cffdb63779fe3de1.js → 200 (?ms, -633B)
[2026-06-13T23:12:42.582Z] GET https://m.stripe.network/inner.html → 200 (1ms, -1199B)
[2026-06-13T23:12:42.589Z] GET https://m.stripe.network/out-4.5.45.js → 200 (?ms, -568B)
[2026-06-13T23:12:42.591Z] POST https://m.stripe.com/6 → 200 (218ms, 579B)
[2026-06-13T23:12:42.592Z] POST https://r.stripe.com/b → 200 (245ms, 211B)
[2026-06-13T23:12:42.592Z] POST https://r.stripe.com/b → 200 (245ms, 211B)
[2026-06-13T23:12:42.596Z] POST https://r.stripe.com/b → 200 (220ms, 211B)
[2026-06-13T23:12:43.813Z] POST https://r.stripe.com/b → 200 (244ms, 211B)
[2026-06-13T23:12:46.586Z] POST https://region1.google-analytics.com/g/collect?v=2&tid=G-NPBRD7S7KW&gtm=45je66a1v9114334048za20g&_p=1781392361541&gcd=13l3l3l2l1l1&npa=1&dma_cps=a&dma=1&_eu=EAAIAAQ&are=1&cid=1514921236.1781392284&frm=0&ir=1&pscdl=noapi&rcb=0&sr=1280x720&uaa=arm&uab=64&uafvl=Not%253AA-Brand%3B99.0.0.0%7CHeadlessChrome%3B145.0.7632.6%7CChromium%3B145.0.7632.6&uam=&uamb=0&uap=macOS&uapv=27.0.0&uaw=0&ul=en-us&_s=1&tag_exp=115938465~115938468~119456239~119456247&sid=1781392283&sct=1&seg=1&dl=https%3A%2F%2Fslippi.gg%2Fuser%2Fyong-0&dt=Slippi&en=page_view&tfd=5247 → 204 (81ms, ?B)
[2026-06-13T23:12:46.594Z] GET https://js.stripe.com/v3/fingerprinted/js/trusted-types-checker-a86dcafd042e60cf7585cbabd57b0cdb.js → 200 (?ms, -632B)
[2026-06-13T23:12:48.815Z] POST https://r.stripe.com/b → 200 (272ms, 211B)
